To honour the JVM settings for this build a single-use Daemon process will be forked. For more on this, please refer to https://docs.gradle.org/8.14/userguide/gradle_daemon.html#sec:disabling_the_daemon in the Gradle documentation.
Daemon will be stopped at the end of the build 

> Configure project :
Architect Plugin: 3.4.164
Architectury Loom: 1.13.469
This version of Architectury Loom is in beta! Please report any issues you encounter: https://github.com/architectury/architectury-loom/issues
w: ⚠️ Deprecated Gradle Version
The used Gradle version (Gradle 8.14) is deprecated and will not be supported in future Kotlin Gradle Plugin releases.
The minimum supported Gradle version will become Gradle 8.14.4 in Kotlin 2.5.0.

This warning can be suppressed in 'gradle.properties':
    kotlin.suppressGradlePluginWarnings=DeprecatedGradleVersionWarning
Solution: Please update the Gradle version to at least Gradle 8.14.4.


> Configure project :Common
"Lock for cache='/home/ubuntu/.gradle/caches/fabric-loom', project=':Common'" is currently held by pid '17162'.
Locking process does not exist, assuming abrupt termination and deleting lock file.
Found existing cache lock file (ACQUIRED_PREVIOUS_OWNER_MISSING), rebuilding loom cache. This may have been caused by a failed or canceled build.
:remapped 8 mods (intermediary -> named) in 1s
:remapping sources (Mercury, intermediary -> named)

> Configure project :Fabric
The mixin annotation is no longer enabled by default, you should remove any loom.mixin configuration. If you wish to continue to use the mixin AP you can set useLegacyMixinAp = true.

Mod was built with a newer version of Loom (1.14.10), you are using Loom (1.13.469)
exit_code=130
